<html>
<body>
<pre>
<h1>µVision Build Log</h1>
<h2>Tool Versions:</h2>
IDE-Version: µVision V5.36.0.0
Copyright (C) 2021 ARM Ltd and ARM Germany GmbH. All rights reserved.
License Information: MEHMET ALÝ SALEP, salep holding, LIC=----
 
Tool Versions:
Toolchain:       MDK-Lite  Version: 5.36.0.0
Toolchain Path:  C:\Users\LENOVO\Desktop\STM32 egitimi\Keil Uvision\ARM\ARMCLANG\Bin
C Compiler:      ArmClang.exe V6.16
Assembler:       Armasm.exe V6.16
Linker/Locator:  ArmLink.exe V6.16
Library Manager: ArmAr.exe V6.16
Hex Converter:   FromElf.exe V6.16
CPU DLL:         SARMCM3.DLL V5.36.0.0
Dialog DLL:      DCM.DLL V1.17.3.0
Target DLL:      UL2CM3.DLL V1.164.0.0
Dialog DLL:      TCM.DLL V1.53.0.0
 
<h2>Project:</h2>
C:\Users\LENOVO\Desktop\STM32 egitimi\keil ile projeler\16_ADC_DERS2\adc_ders_map.uvprojx
Project File Date:  09/17/2022

<h2>Output:</h2>
*** Using Compiler 'V6.16', folder: 'C:\Users\LENOVO\Desktop\STM32 egitimi\Keil Uvision\ARM\ARMCLANG\Bin'
Build target 'Target 1'
main16.c(4): warning: no previous extern declaration for non-static variable 'adcValue' [-Wmissing-variable-declarations]
uint16_t adcValue = 0;                //eger derleyicinin dedigi gibi static yaparsan baska dosyalarda kullanilamadigi i<E7>in STM STUDIO'da hata veriyor
         ^
main16.c(4): note: declare 'static' if the variable is not intended to be used outside of this translation unit
uint16_t adcValue = 0;                //eger derleyicinin dedigi gibi static yaparsan baska dosyalarda kullanilamadigi i<E7>in STM STUDIO'da hata veriyor
^
main16.c(6): warning: no previous extern declaration for non-static variable 'voltage' [-Wmissing-variable-declarations]
float voltage = 0;
      ^
main16.c(6): note: declare 'static' if the variable is not intended to be used outside of this translation unit
float voltage = 0;
^
main16.c(8): warning: no previous extern declaration for non-static variable 'mapValue' [-Wmissing-variable-declarations]
float mapValue = 0;
      ^
main16.c(8): note: declare 'static' if the variable is not intended to be used outside of this translation unit
float mapValue = 0;
^
main16.c(1): warning: In file included from...
C:/Users/LENOVO/Desktop/STM32 egitimi/Keil Uvision/Keil/STM32F1xx_DFP/2.4.0/Device/Include\stm32f10x.h(8347): warning: In file included from...
./RTE/Device/STM32F100RB\stm32f10x_conf.h(30): warning: In file included from...
C:/Users/LENOVO/Desktop/STM32 egitimi/Keil Uvision/Keil/STM32F1xx_DFP/2.4.0/Device/StdPeriph_Driver/inc\stm32f10x_adc.h(63): warning: padding struct 'ADC_InitTypeDef' with 2 bytes to align 'ADC_ExternalTrigConv' [-Wpadded]
  uint32_t ADC_ExternalTrigConv;          /*!< Defines the external trigger used to start the analog
           ^
C:/Users/LENOVO/Desktop/STM32 egitimi/Keil Uvision/Keil/STM32F1xx_DFP/2.4.0/Device/StdPeriph_Driver/inc\stm32f10x_adc.h(49): warning: padding size of 'ADC_InitTypeDef' with 3 bytes to alignment boundary [-Wpadded]
typedef struct
        ^
main16.c(48): warning: while loop has empty body [-Wempty-body]
         while(ADC_GetFlagStatus(ADC1,ADC_FLAG_EOC)==RESET);
                                                           ^
main16.c(48): note: put the semicolon on a separate line to silence this warning
main16.c(54): warning: declaration shadows a variable in the global scope [-Wshadow]
float map(float adcValue , float max , float min , float conMax , float conMin){
                ^
main16.c(4): note: previous declaration is here
uint16_t adcValue = 0;                //eger derleyicinin dedigi gibi static yaparsan baska dosyalarda kullanilamadigi i<E7>in STM STUDIO'da hata veriyor
         ^
main16.c(54): warning: no previous prototype for function 'map' [-Wmissing-prototypes]
float map(float adcValue , float max , float min , float conMax , float conMin){
      ^
main16.c(54): note: declare 'static' if the function is not intended to be used outside of this translation unit
float map(float adcValue , float max , float min , float conMax , float conMin){
^
static 
main16.c(73): warning: implicit conversion loses floating-point precision: 'double' to 'float' [-Wimplicit-float-conversion]
         voltage = adcValue*(2.98/4095);
                 ~ ~~~~~~~~^~~~~~~~~~~~
9 warnings generated.
compiling main16.c...
linking...
Program Size: Code=3260 RO-data=304 RW-data=0 ZI-data=1648  
FromELF: creating hex file...
".\Objects\adc_ders_map.axf" - 0 Error(s), 9 Warning(s).

<h2>Software Packages used:</h2>

Package Vendor: ARM
                http://www.keil.com/pack/ARM.CMSIS.5.9.0.pack
                ARM.CMSIS.5.9.0
                CMSIS (Common Microcontroller Software Interface Standard)
   * Component: CORE Version: 5.6.0

Package Vendor: Keil
                http://www.keil.com/pack/Keil.STM32F1xx_DFP.2.4.0.pack
                Keil.STM32F1xx_DFP.2.4.0
                STMicroelectronics STM32F1 Series Device Support, Drivers and Examples
   * Component: GPIO Version: 1.3
   * Component: Startup Version: 1.0.0
   * Component: ADC Version: 3.6.0
   * Component: Framework Version: 3.6.0
   * Component: GPIO Version: 3.6.0
   * Component: RCC Version: 3.6.0

<h2>Collection of Component include folders:</h2>
  .\RTE\Device\STM32F100RB
  .\RTE\_Target_1
  C:\Users\LENOVO\Desktop\STM32 egitimi\Keil Uvision\ARM\CMSIS\5.9.0\CMSIS\Core\Include
  C:\Users\LENOVO\Desktop\STM32 egitimi\Keil Uvision\Keil\STM32F1xx_DFP\2.4.0\Device\Include
  C:\Users\LENOVO\Desktop\STM32 egitimi\Keil Uvision\Keil\STM32F1xx_DFP\2.4.0\Device\StdPeriph_Driver\inc
  C:\Users\LENOVO\Desktop\STM32 egitimi\Keil Uvision\Keil\STM32F1xx_DFP\2.4.0\RTE_Driver

<h2>Collection of Component Files used:</h2>

   * Component: ARM::CMSIS:CORE:5.6.0

   * Component: Keil::Device:GPIO:1.3
      Source file:   RTE_Driver\GPIO_STM32F10x.c
      Include file:  RTE_Driver\GPIO_STM32F10x.h

   * Component: Keil::Device:Startup:1.0.0
      Source file:   Device\Source\ARM\STM32F1xx_OPT.s
      Source file:   Device\Source\ARM\startup_stm32f10x_md_vl.s
      Source file:   Device\Source\system_stm32f10x.c
      Include file:  RTE_Driver\Config\RTE_Device.h

   * Component: Keil::Device:StdPeriph Drivers:ADC:3.6.0
      Source file:   Device\StdPeriph_Driver\src\stm32f10x_adc.c
      Include file:  Device\StdPeriph_Driver\inc\stm32f10x_adc.h

   * Component: Keil::Device:StdPeriph Drivers:Framework:3.6.0
      Source file:   Device\StdPeriph_Driver\templates\stm32f10x_conf.h
      Source file:   Device\StdPeriph_Driver\src\misc.c
      Include file:  Device\StdPeriph_Driver\inc\misc.h
      Source file:   Device\StdPeriph_Driver\templates\stm32f10x_it.c
      Include file:  Device\StdPeriph_Driver\templates\stm32f10x_it.h

   * Component: Keil::Device:StdPeriph Drivers:GPIO:3.6.0
      Source file:   Device\StdPeriph_Driver\src\stm32f10x_gpio.c
      Include file:  Device\StdPeriph_Driver\inc\stm32f10x_gpio.h

   * Component: Keil::Device:StdPeriph Drivers:RCC:3.6.0
      Source file:   Device\StdPeriph_Driver\src\stm32f10x_rcc.c
      Include file:  Device\StdPeriph_Driver\inc\stm32f10x_rcc.h
Build Time Elapsed:  00:00:00
</pre>
</body>
</html>
